// Jest Snapshot v1, https://goo.gl/fbAQLP

exports[`should render AddFolder correctly 1`] = `
<div>
  <form
    onSubmit={[Function]}
  >
    <input
      name="folder"
      type="text"
    />
    <button
      type="submit"
    >
      Add Folder
    </button>
  </form>
</div>
`;
