// Jest Snapshot v1, https://goo.gl/fbAQLP

exports[`should render AddLinkPage 1`] = `
<div>
  Add Link page content.
</div>
`;
