// Jest Snapshot v1, https://goo.gl/fbAQLP

exports[`should render Folder correctly 1`] = `
<div>
  <p>
    Default
  </p>
  <button
    onClick={[Function]}
    type="button"
  >
    Remove
  </button>
</div>
`;
